Run actions/checkout@v4
Syncing repository: owner/repo
Run actions/setup-python@v5
  python-version: 3.11
Successfully setup CPython (3.11.0)
Run python -m pip install --upgrade pip
Requirement already satisfied: pip in /opt/hostedtoolcache/Python/3.11.0/x64/lib/python3.11/site-packages (22.3)
Collecting pip
  Downloading pip-23.3.1-py3-none-any.whl (2.1 MB)
Installing collected packages: pip
  Attempting uninstall: pip
    Found existing installation: pip 22.3
    Uninstalling pip-22.3:
      Successfully uninstalled pip-22.3
Successfully installed pip-23.3.1
Run pip install -r requirements.txt
Collecting flask==2.3.0
  Downloading Flask-2.3.0-py3-none-any.whl (96 kB)
Collecting requests==2.31.0
  Downloading requests-2.31.0-py3-none-any.whl (62 kB)
Collecting pytest==7.4.0
  Downloading pytest-7.4.0-py3-none-any.whl (324 kB)
ERROR: Could not find a version that satisfies the requirement numpy==1.24.3 (from versions: 1.3.0, 1.4.1, 1.5.0, 1.5.1, 1.6.0, 1.6.1, 1.6.2, 1.7.0, 1.7.1, 1.7.2, 1.8.0, 1.8.1, 1.8.2, 1.9.0, 1.9.1, 1.9.2, 1.9.3, 1.10.0.post2, 1.10.1, 1.10.2, 1.10.4, 1.11.0, 1.11.1, 1.11.2, 1.11.3, 1.12.0, 1.12.1, 1.13.0, 1.13.1, 1.13.3, 1.14.0, 1.14.1, 1.14.2, 1.14.3, 1.14.4, 1.14.5, 1.14.6, 1.15.0, 1.15.1, 1.15.2, 1.15.3, 1.15.4, 1.16.0, 1.16.1, 1.16.2, 1.16.3, 1.16.4, 1.16.5, 1.16.6, 1.17.0, 1.17.1, 1.17.2, 1.17.3, 1.17.4, 1.17.5, 1.18.0, 1.18.1, 1.18.2, 1.18.3, 1.18.4, 1.18.5, 1.19.0, 1.19.1, 1.19.2, 1.19.3, 1.19.4, 1.19.5, 1.20.0, 1.20.1, 1.20.2, 1.20.3, 1.21.0, 1.21.1, 1.21.2, 1.21.3, 1.21.4, 1.21.5, 1.21.6, 1.22.0, 1.22.1, 1.22.2, 1.22.3, 1.22.4, 1.23.0, 1.23.1, 1.23.2, 1.23.3, 1.23.4, 1.23.5)
ERROR: No matching distribution found for numpy==1.24.3
Error: Process completed with exit code 1.
